NÃºmero de passos: 1998
Movimentos para cima: 0
Movimentos para baixo: 999
Movimentos para esquerda: 0
Movimentos para direita: 999