NÃºmero de passos: 2
Movimentos para cima: 0
Movimentos para baixo: 0
Movimentos para esquerda: 0
Movimentos para direita: 2