NÃºmero de passos: 3
Movimentos para cima: 0
Movimentos para baixo: 0
Movimentos para esquerda: 3
Movimentos para direita: 0
