NÃºmero de passos: 4
Movimentos para cima: 0
Movimentos para baixo: 2
Movimentos para esquerda: 0
Movimentos para direita: 2