NÃºmero de passos: 10
Movimentos para cima: 3
Movimentos para baixo: 3
Movimentos para esquerda: 1
Movimentos para direita: 3
