NÃºmero de passos: 16
Movimentos para cima: 6
Movimentos para baixo: 4
Movimentos para esquerda: 4
Movimentos para direita: 2
