NÃºmero de passos: 17
Movimentos para cima: 8
Movimentos para baixo: 0
Movimentos para esquerda: 9
Movimentos para direita: 0
