NÃºmero de passos: 6
Movimentos para cima: 0
Movimentos para baixo: 4
Movimentos para esquerda: 2
Movimentos para direita: 0
