Graph (List Representation):
V[0]: (1, 1); (2, 2); (3, 3); 
V[1]: (4, 3); 
V[2]: (4, 2); 
V[3]: (4, 3); 
V[4]: (5, 4); 
V[5]: 

